------------------------------------------------------------
TimeQuest Timing Analyzer Summary
------------------------------------------------------------

Type  : Slow 1100mV 85C Model Setup 'clk_vga'
Slack : -11.754
TNS   : -288.575

Type  : Slow 1100mV 85C Model Setup 'nios2:nios2_sdram|nios2_hps_0:hps_0|nios2_hps_0_hps_io:hps_io|nios2_hps_0_hps_io_border:border|hps_sdram:hps_sdram_inst|hps_sdram_pll:pll|afi_clk_write_clk'
Slack : 1.730
TNS   : 0.000

Type  : Slow 1100mV 85C Model Setup 'clk_dram'
Slack : 2.614
TNS   : 0.000

Type  : Slow 1100mV 85C Model Setup 'CLOCK3_50'
Slack : 7.782
TNS   : 0.000

Type  : Slow 1100mV 85C Model Setup 'CLOCK_50'
Slack : 9.545
TNS   : 0.000

Type  : Slow 1100mV 85C Model Setup 'CLOCK2_50'
Slack : 14.966
TNS   : 0.000

Type  : Slow 1100mV 85C Model Hold 'CLOCK2_50'
Slack : 0.090
TNS   : 0.000

Type  : Slow 1100mV 85C Model Hold 'nios2:nios2_sdram|nios2_hps_0:hps_0|nios2_hps_0_hps_io:hps_io|nios2_hps_0_hps_io_border:border|hps_sdram:hps_sdram_inst|hps_sdram_pll:pll|afi_clk_write_clk'
Slack : 0.143
TNS   : 0.000

Type  : Slow 1100mV 85C Model Hold 'clk_dram'
Slack : 0.218
TNS   : 0.000

Type  : Slow 1100mV 85C Model Hold 'CLOCK_50'
Slack : 0.220
TNS   : 0.000

Type  : Slow 1100mV 85C Model Hold 'CLOCK3_50'
Slack : 0.375
TNS   : 0.000

Type  : Slow 1100mV 85C Model Hold 'clk_vga'
Slack : 8.082
TNS   : 0.000

Type  : Slow 1100mV 85C Model Recovery 'CLOCK_50'
Slack : 3.001
TNS   : 0.000

Type  : Slow 1100mV 85C Model Recovery 'nios2:nios2_sdram|nios2_hps_0:hps_0|nios2_hps_0_hps_io:hps_io|nios2_hps_0_hps_io_border:border|hps_sdram:hps_sdram_inst|hps_sdram_pll:pll|afi_clk_write_clk'
Slack : 3.375
TNS   : 0.000

Type  : Slow 1100mV 85C Model Recovery 'clk_dram'
Slack : 7.216
TNS   : 0.000

Type  : Slow 1100mV 85C Model Removal 'nios2:nios2_sdram|nios2_hps_0:hps_0|nios2_hps_0_hps_io:hps_io|nios2_hps_0_hps_io_border:border|hps_sdram:hps_sdram_inst|hps_sdram_pll:pll|afi_clk_write_clk'
Slack : 0.470
TNS   : 0.000

Type  : Slow 1100mV 85C Model Removal 'clk_dram'
Slack : 0.794
TNS   : 0.000

Type  : Slow 1100mV 85C Model Removal 'CLOCK_50'
Slack : 0.857
TNS   : 0.000

Type  : Slow 1100mV 85C Model Minimum Pulse Width 'nios2:nios2_sdram|nios2_hps_0:hps_0|nios2_hps_0_hps_io:hps_io|nios2_hps_0_hps_io_border:border|hps_sdram:hps_sdram_inst|hps_sdram_pll:pll|pll_write_clk_dq_write_clk'
Slack : 0.608
TNS   : 0.000

Type  : Slow 1100mV 85C Model Minimum Pulse Width 'nios2:nios2_sdram|nios2_hps_0:hps_0|nios2_hps_0_hps_io:hps_io|nios2_hps_0_hps_io_border:border|hps_sdram:hps_sdram_inst|hps_sdram_pll:pll|afi_clk_write_clk'
Slack : 0.623
TNS   : 0.000

Type  : Slow 1100mV 85C Model Minimum Pulse Width 'fractional_clock'
Slack : 1.000
TNS   : 0.000

Type  : Slow 1100mV 85C Model Minimum Pulse Width 'clk_dram'
Slack : 8.715
TNS   : 0.000

Type  : Slow 1100mV 85C Model Minimum Pulse Width 'CLOCK_50'
Slack : 8.880
TNS   : 0.000

Type  : Slow 1100mV 85C Model Minimum Pulse Width 'CLOCK2_50'
Slack : 8.908
TNS   : 0.000

Type  : Slow 1100mV 85C Model Minimum Pulse Width 'CLOCK3_50'
Slack : 9.244
TNS   : 0.000

Type  : Slow 1100mV 0C Model Setup 'clk_vga'
Slack : -11.531
TNS   : -283.117

Type  : Slow 1100mV 0C Model Setup 'nios2:nios2_sdram|nios2_hps_0:hps_0|nios2_hps_0_hps_io:hps_io|nios2_hps_0_hps_io_border:border|hps_sdram:hps_sdram_inst|hps_sdram_pll:pll|afi_clk_write_clk'
Slack : 1.727
TNS   : 0.000

Type  : Slow 1100mV 0C Model Setup 'clk_dram'
Slack : 2.580
TNS   : 0.000

Type  : Slow 1100mV 0C Model Setup 'CLOCK3_50'
Slack : 7.677
TNS   : 0.000

Type  : Slow 1100mV 0C Model Setup 'CLOCK_50'
Slack : 9.665
TNS   : 0.000

Type  : Slow 1100mV 0C Model Setup 'CLOCK2_50'
Slack : 14.742
TNS   : 0.000

Type  : Slow 1100mV 0C Model Hold 'clk_dram'
Slack : -0.153
TNS   : -0.793

Type  : Slow 1100mV 0C Model Hold 'CLOCK2_50'
Slack : 0.019
TNS   : 0.000

Type  : Slow 1100mV 0C Model Hold 'nios2:nios2_sdram|nios2_hps_0:hps_0|nios2_hps_0_hps_io:hps_io|nios2_hps_0_hps_io_border:border|hps_sdram:hps_sdram_inst|hps_sdram_pll:pll|afi_clk_write_clk'
Slack : 0.162
TNS   : 0.000

Type  : Slow 1100mV 0C Model Hold 'CLOCK_50'
Slack : 0.211
TNS   : 0.000

Type  : Slow 1100mV 0C Model Hold 'CLOCK3_50'
Slack : 0.377
TNS   : 0.000

Type  : Slow 1100mV 0C Model Hold 'clk_vga'
Slack : 7.961
TNS   : 0.000

Type  : Slow 1100mV 0C Model Recovery 'nios2:nios2_sdram|nios2_hps_0:hps_0|nios2_hps_0_hps_io:hps_io|nios2_hps_0_hps_io_border:border|hps_sdram:hps_sdram_inst|hps_sdram_pll:pll|afi_clk_write_clk'
Slack : 3.468
TNS   : 0.000

Type  : Slow 1100mV 0C Model Recovery 'CLOCK_50'
Slack : 3.681
TNS   : 0.000

Type  : Slow 1100mV 0C Model Recovery 'clk_dram'
Slack : 7.295
TNS   : 0.000

Type  : Slow 1100mV 0C Model Removal 'nios2:nios2_sdram|nios2_hps_0:hps_0|nios2_hps_0_hps_io:hps_io|nios2_hps_0_hps_io_border:border|hps_sdram:hps_sdram_inst|hps_sdram_pll:pll|afi_clk_write_clk'
Slack : 0.460
TNS   : 0.000

Type  : Slow 1100mV 0C Model Removal 'clk_dram'
Slack : 0.720
TNS   : 0.000

Type  : Slow 1100mV 0C Model Removal 'CLOCK_50'
Slack : 0.807
TNS   : 0.000

Type  : Slow 1100mV 0C Model Minimum Pulse Width 'nios2:nios2_sdram|nios2_hps_0:hps_0|nios2_hps_0_hps_io:hps_io|nios2_hps_0_hps_io_border:border|hps_sdram:hps_sdram_inst|hps_sdram_pll:pll|pll_write_clk_dq_write_clk'
Slack : 0.613
TNS   : 0.000

Type  : Slow 1100mV 0C Model Minimum Pulse Width 'nios2:nios2_sdram|nios2_hps_0:hps_0|nios2_hps_0_hps_io:hps_io|nios2_hps_0_hps_io_border:border|hps_sdram:hps_sdram_inst|hps_sdram_pll:pll|afi_clk_write_clk'
Slack : 0.630
TNS   : 0.000

Type  : Slow 1100mV 0C Model Minimum Pulse Width 'fractional_clock'
Slack : 1.000
TNS   : 0.000

Type  : Slow 1100mV 0C Model Minimum Pulse Width 'clk_dram'
Slack : 8.718
TNS   : 0.000

Type  : Slow 1100mV 0C Model Minimum Pulse Width 'CLOCK_50'
Slack : 8.908
TNS   : 0.000

Type  : Slow 1100mV 0C Model Minimum Pulse Width 'CLOCK2_50'
Slack : 8.940
TNS   : 0.000

Type  : Slow 1100mV 0C Model Minimum Pulse Width 'CLOCK3_50'
Slack : 9.304
TNS   : 0.000

Type  : Fast 1100mV 85C Model Setup 'clk_vga'
Slack : -7.057
TNS   : -173.129

Type  : Fast 1100mV 85C Model Setup 'nios2:nios2_sdram|nios2_hps_0:hps_0|nios2_hps_0_hps_io:hps_io|nios2_hps_0_hps_io_border:border|hps_sdram:hps_sdram_inst|hps_sdram_pll:pll|afi_clk_write_clk'
Slack : 2.110
TNS   : 0.000

Type  : Fast 1100mV 85C Model Setup 'clk_dram'
Slack : 7.759
TNS   : 0.000

Type  : Fast 1100mV 85C Model Setup 'CLOCK3_50'
Slack : 13.170
TNS   : 0.000

Type  : Fast 1100mV 85C Model Setup 'CLOCK_50'
Slack : 13.933
TNS   : 0.000

Type  : Fast 1100mV 85C Model Setup 'CLOCK2_50'
Slack : 17.224
TNS   : 0.000

Type  : Fast 1100mV 85C Model Hold 'nios2:nios2_sdram|nios2_hps_0:hps_0|nios2_hps_0_hps_io:hps_io|nios2_hps_0_hps_io_border:border|hps_sdram:hps_sdram_inst|hps_sdram_pll:pll|afi_clk_write_clk'
Slack : 0.084
TNS   : 0.000

Type  : Fast 1100mV 85C Model Hold 'CLOCK2_50'
Slack : 0.093
TNS   : 0.000

Type  : Fast 1100mV 85C Model Hold 'CLOCK_50'
Slack : 0.130
TNS   : 0.000

Type  : Fast 1100mV 85C Model Hold 'clk_dram'
Slack : 0.145
TNS   : 0.000

Type  : Fast 1100mV 85C Model Hold 'CLOCK3_50'
Slack : 0.201
TNS   : 0.000

Type  : Fast 1100mV 85C Model Hold 'clk_vga'
Slack : 4.181
TNS   : 0.000

Type  : Fast 1100mV 85C Model Recovery 'nios2:nios2_sdram|nios2_hps_0:hps_0|nios2_hps_0_hps_io:hps_io|nios2_hps_0_hps_io_border:border|hps_sdram:hps_sdram_inst|hps_sdram_pll:pll|afi_clk_write_clk'
Slack : 3.727
TNS   : 0.000

Type  : Fast 1100mV 85C Model Recovery 'CLOCK_50'
Slack : 7.823
TNS   : 0.000

Type  : Fast 1100mV 85C Model Recovery 'clk_dram'
Slack : 8.334
TNS   : 0.000

Type  : Fast 1100mV 85C Model Removal 'clk_dram'
Slack : 0.451
TNS   : 0.000

Type  : Fast 1100mV 85C Model Removal 'CLOCK_50'
Slack : 0.485
TNS   : 0.000

Type  : Fast 1100mV 85C Model Removal 'nios2:nios2_sdram|nios2_hps_0:hps_0|nios2_hps_0_hps_io:hps_io|nios2_hps_0_hps_io_border:border|hps_sdram:hps_sdram_inst|hps_sdram_pll:pll|afi_clk_write_clk'
Slack : 0.497
TNS   : 0.000

Type  : Fast 1100mV 85C Model Minimum Pulse Width 'nios2:nios2_sdram|nios2_hps_0:hps_0|nios2_hps_0_hps_io:hps_io|nios2_hps_0_hps_io_border:border|hps_sdram:hps_sdram_inst|hps_sdram_pll:pll|pll_write_clk_dq_write_clk'
Slack : 0.883
TNS   : 0.000

Type  : Fast 1100mV 85C Model Minimum Pulse Width 'nios2:nios2_sdram|nios2_hps_0:hps_0|nios2_hps_0_hps_io:hps_io|nios2_hps_0_hps_io_border:border|hps_sdram:hps_sdram_inst|hps_sdram_pll:pll|afi_clk_write_clk'
Slack : 0.891
TNS   : 0.000

Type  : Fast 1100mV 85C Model Minimum Pulse Width 'fractional_clock'
Slack : 1.000
TNS   : 0.000

Type  : Fast 1100mV 85C Model Minimum Pulse Width 'CLOCK_50'
Slack : 8.481
TNS   : 0.000

Type  : Fast 1100mV 85C Model Minimum Pulse Width 'CLOCK2_50'
Slack : 8.506
TNS   : 0.000

Type  : Fast 1100mV 85C Model Minimum Pulse Width 'clk_dram'
Slack : 8.863
TNS   : 0.000

Type  : Fast 1100mV 85C Model Minimum Pulse Width 'CLOCK3_50'
Slack : 9.113
TNS   : 0.000

Type  : Fast 1100mV 0C Model Setup 'clk_vga'
Slack : -6.734
TNS   : -164.736

Type  : Fast 1100mV 0C Model Setup 'nios2:nios2_sdram|nios2_hps_0:hps_0|nios2_hps_0_hps_io:hps_io|nios2_hps_0_hps_io_border:border|hps_sdram:hps_sdram_inst|hps_sdram_pll:pll|afi_clk_write_clk'
Slack : 2.110
TNS   : 0.000

Type  : Fast 1100mV 0C Model Setup 'clk_dram'
Slack : 8.000
TNS   : 0.000

Type  : Fast 1100mV 0C Model Setup 'CLOCK3_50'
Slack : 13.595
TNS   : 0.000

Type  : Fast 1100mV 0C Model Setup 'CLOCK_50'
Slack : 14.137
TNS   : 0.000

Type  : Fast 1100mV 0C Model Setup 'CLOCK2_50'
Slack : 17.275
TNS   : 0.000

Type  : Fast 1100mV 0C Model Hold 'clk_dram'
Slack : -0.036
TNS   : -0.063

Type  : Fast 1100mV 0C Model Hold 'CLOCK2_50'
Slack : 0.030
TNS   : 0.000

Type  : Fast 1100mV 0C Model Hold 'nios2:nios2_sdram|nios2_hps_0:hps_0|nios2_hps_0_hps_io:hps_io|nios2_hps_0_hps_io_border:border|hps_sdram:hps_sdram_inst|hps_sdram_pll:pll|afi_clk_write_clk'
Slack : 0.077
TNS   : 0.000

Type  : Fast 1100mV 0C Model Hold 'CLOCK_50'
Slack : 0.118
TNS   : 0.000

Type  : Fast 1100mV 0C Model Hold 'CLOCK3_50'
Slack : 0.191
TNS   : 0.000

Type  : Fast 1100mV 0C Model Hold 'clk_vga'
Slack : 3.886
TNS   : 0.000

Type  : Fast 1100mV 0C Model Recovery 'nios2:nios2_sdram|nios2_hps_0:hps_0|nios2_hps_0_hps_io:hps_io|nios2_hps_0_hps_io_border:border|hps_sdram:hps_sdram_inst|hps_sdram_pll:pll|afi_clk_write_clk'
Slack : 3.825
TNS   : 0.000

Type  : Fast 1100mV 0C Model Recovery 'clk_dram'
Slack : 8.476
TNS   : 0.000

Type  : Fast 1100mV 0C Model Recovery 'CLOCK_50'
Slack : 9.455
TNS   : 0.000

Type  : Fast 1100mV 0C Model Removal 'clk_dram'
Slack : 0.390
TNS   : 0.000

Type  : Fast 1100mV 0C Model Removal 'CLOCK_50'
Slack : 0.437
TNS   : 0.000

Type  : Fast 1100mV 0C Model Removal 'nios2:nios2_sdram|nios2_hps_0:hps_0|nios2_hps_0_hps_io:hps_io|nios2_hps_0_hps_io_border:border|hps_sdram:hps_sdram_inst|hps_sdram_pll:pll|afi_clk_write_clk'
Slack : 0.473
TNS   : 0.000

Type  : Fast 1100mV 0C Model Minimum Pulse Width 'nios2:nios2_sdram|nios2_hps_0:hps_0|nios2_hps_0_hps_io:hps_io|nios2_hps_0_hps_io_border:border|hps_sdram:hps_sdram_inst|hps_sdram_pll:pll|pll_write_clk_dq_write_clk'
Slack : 0.887
TNS   : 0.000

Type  : Fast 1100mV 0C Model Minimum Pulse Width 'nios2:nios2_sdram|nios2_hps_0:hps_0|nios2_hps_0_hps_io:hps_io|nios2_hps_0_hps_io_border:border|hps_sdram:hps_sdram_inst|hps_sdram_pll:pll|afi_clk_write_clk'
Slack : 0.894
TNS   : 0.000

Type  : Fast 1100mV 0C Model Minimum Pulse Width 'fractional_clock'
Slack : 1.000
TNS   : 0.000

Type  : Fast 1100mV 0C Model Minimum Pulse Width 'CLOCK_50'
Slack : 8.435
TNS   : 0.000

Type  : Fast 1100mV 0C Model Minimum Pulse Width 'CLOCK2_50'
Slack : 8.458
TNS   : 0.000

Type  : Fast 1100mV 0C Model Minimum Pulse Width 'clk_dram'
Slack : 8.868
TNS   : 0.000

Type  : Fast 1100mV 0C Model Minimum Pulse Width 'CLOCK3_50'
Slack : 9.076
TNS   : 0.000

------------------------------------------------------------
Info: see the "DDR report" for DDR timing results
------------------------------------------------------------
------------------------------------------------------------
